// Jest Snapshot v1, https://goo.gl/fbAQLP

exports[`UserDetails Component matches snapshot 1`] = `
<div>
  <div
    class="loader"
  >
    Loading...
  </div>
</div>
`;
